###############################################################################
#
# IAR ELF Linker V8.11.1.13263/W32 for ARM                26/May/2017  21:19:39
# Copyright 2007-2017 IAR Systems AB.
#
#    Output file  =  C:\Embedded_Programming\lesson13\Debug\Exe\c.out
#    Map file     =  C:\Embedded_Programming\lesson13\Debug\List\c.map
#    Command line =  
#        -f C:\Users\bot-10\AppData\Local\Temp\EWCE6A.tmp
#        (C:\Embedded_Programming\lesson13\Debug\Obj\delay.o
#        C:\Embedded_Programming\lesson13\Debug\Obj\main.o -o
#        C:\Embedded_Programming\lesson13\Debug\Exe\c.out --redirect
#        _Printf=_PrintfFullNoMb --redirect _Scanf=_ScanfFullNoMb --map
#        C:\Embedded_Programming\lesson13\Debug\List\c.map --config
#        C:\Embedded_Programming\lesson13\project.icf --entry
#        __iar_program_start "C:\Program Files (x86)\IAR Systems\Embedded
#        Workbench 8.0\arm\CMSIS\Lib\IAR\iar_cortexM4lf_math.a" --vfe
#        --text_out locale)
#
###############################################################################

*******************************************************************************
*** RUNTIME MODEL ATTRIBUTES
***

CppFlavor       = *
__SystemLibrary = DLib
__dlib_version  = 6


*******************************************************************************
*** HEAP SELECTION
***

The basic heap was selected because some modules are built with
size limitations (and not runtime checking), and --advanced_heap
was not specified.


*******************************************************************************
*** PLACEMENT SUMMARY
***

"A0":  place at 0x00000000 { ro section .intvec };
"P1":  place in [from 0x00000000 to 0x0003ffff] { ro };
"P2":  place in [from 0x20000000 to 0x20007fff] { rw, block CSTACK, block HEAP };
initialize by copy { rw };

  Section            Kind        Address   Size  Object
  -------            ----        -------   ----  ------
"A0":                                      0x40
  .intvec            ro code  0x00000000   0x40  vector_table_M.o [5]
                            - 0x00000040   0x40

"P1":                                     0x1cb
  .text              ro code  0x00000040   0xd0  main.o [1]
  .text              ro code  0x00000110   0x14  delay.o [1]
  .text              ro code  0x00000124   0x38  packbits_init_single.o [5]
  .text              ro code  0x0000015c   0x28  data_init.o [5]
  .text              ro code  0x00000184   0x22  fpinit_M.o [4]
  .iar.init_table    const    0x000001a8   0x10  - Linker created -
  .text              ro code  0x000001b8    0x2  vector_table_M.o [5]
  .text              ro code  0x000001bc   0x1a  cmain.o [5]
  .text              ro code  0x000001d6    0x4  low_level_init.o [3]
  .text              ro code  0x000001da    0x4  exit.o [3]
  .text              ro code  0x000001e0    0xa  cexit.o [5]
  .text              ro code  0x000001ec    0xc  XXexit.o [5]
  .text              ro code  0x000001f8    0xc  cstartup_M.o [5]
  .rodata            const    0x00000204    0x0  packbits_init_single.o [5]
  Initializer bytes  const    0x00000204    0x7  <for P2-1>
                            - 0x0000020b  0x1cb

"P2", part 1 of 2:                         0x24
  P2-1                        0x20000000   0x24  <Init block>
    .data            inited   0x20000000    0x4  main.o [1]
    .bss             inited   0x20000004    0x4  main.o [1]
    .bss             inited   0x20000008    0x8  main.o [1]
    .bss             inited   0x20000010    0x8  main.o [1]
    .bss             inited   0x20000018    0xc  main.o [1]
                            - 0x20000024   0x24

"P2", part 2 of 2:                        0x400
  CSTACK                      0x20000028  0x400  <Block>
    CSTACK           uninit   0x20000028  0x400  <Block tail>
                            - 0x20000428  0x400


*******************************************************************************
*** INIT TABLE
***

          Address     Size
          -------     ----
Copy/packbits (__iar_packbits_init_single3)
    1 source range, total size 0x7 (19% of destination):
          0x00000204   0x7
    1 destination range, total size 0x24:
          0x20000000  0x24



*******************************************************************************
*** MODULE SUMMARY
***

    Module                  ro code  ro data  rw data
    ------                  -------  -------  -------
C:\Embedded_Programming\lesson13\Debug\Obj: [1]
    delay.o                      20
    main.o                      208        7       36
    -------------------------------------------------
    Total:                      228        7       36

command line: [2]
    -------------------------------------------------
    Total:

dl7M_tln.a: [3]
    exit.o                        4
    low_level_init.o              4
    -------------------------------------------------
    Total:                        8

m7M_tls.a: [4]
    fpinit_M.o                   34
    -------------------------------------------------
    Total:                       34

rt7M_tl.a: [5]
    XXexit.o                     12
    cexit.o                      10
    cmain.o                      26
    cstartup_M.o                 12
    data_init.o                  40
    packbits_init_single.o       56
    vector_table_M.o             66
    -------------------------------------------------
    Total:                      222

    Gaps                          6        2
    Linker created                        16    1 024
-----------------------------------------------------
    Grand Total:                498       25    1 060


*******************************************************************************
*** ENTRY LIST
***

Entry                      Address  Size  Type      Object
-----                      -------  ----  ----      ------
.iar.init_table$$Base   0x000001a8         --   Gb  - Linker created -
.iar.init_table$$Limit  0x000001b8         --   Gb  - Linker created -
?main                   0x000001bd        Code  Gb  cmain.o [5]
CSTACK$$Base            0x20000028         --   Gb  - Linker created -
CSTACK$$Limit           0x20000428         --   Gb  - Linker created -
Region$$Table$$Base     0x000001a8         --   Gb  - Linker created -
Region$$Table$$Limit    0x000001b8         --   Gb  - Linker created -
__cmain                 0x000001bd        Code  Gb  cmain.o [5]
__exit                  0x000001ed        Code  Gb  XXexit.o [5]
__iar_data_init3        0x0000015d  0x28  Code  Gb  data_init.o [5]
__iar_init_vfp          0x00000185        Code  Gb  fpinit_M.o [4]
__iar_packbits_init_single3
                        0x00000125  0x38  Code  Gb  packbits_init_single.o [5]
__iar_program_start     0x000001f9        Code  Gb  cstartup_M.o [5]
__iar_systems$$module {Abs}
                        0x00000001        Data  Gb  command line/config [2]
__low_level_init        0x000001d7   0x4  Code  Gb  low_level_init.o [3]
__vector_table          0x00000000        Data  Gb  vector_table_M.o [5]
_call_main              0x000001c9        Code  Gb  cmain.o [5]
_exit                   0x000001e1        Code  Gb  cexit.o [5]
_main                   0x000001d3        Code  Gb  cmain.o [5]
delay                   0x00000111  0x14  Code  Gb  delay.o [1]
exit                    0x000001db   0x4  Code  Gb  exit.o [3]
main                    0x00000041  0xd0  Code  Gb  main.o [1]
p1                      0x20000000   0x4  Data  Gb  main.o [1]
p2                      0x20000004   0x4  Data  Gb  main.o [1]
t                       0x20000018   0xc  Data  Gb  main.o [1]
w                       0x20000008   0x8  Data  Gb  main.o [1]
w2                      0x20000010   0x8  Data  Gb  main.o [1]


[1] = C:\Embedded_Programming\lesson13\Debug\Obj
[2] = command line
[3] = dl7M_tln.a
[4] = m7M_tls.a
[5] = rt7M_tl.a

    498 bytes of readonly  code memory
     25 bytes of readonly  data memory
  1 060 bytes of readwrite data memory

Errors: none
Warnings: none
